app/personal/home/_components/ChatListItem.tsx(3,40): error TS2307: Cannot find module '@/components/ui/basic' or its corresponding type declarations.
app/personal/home/_components/ChatListItem.tsx(5,32): error TS2307: Cannot find module '@/lib/personalLib' or its corresponding type declarations.
app/personal/home/_components/ChatListItem.tsx(6,28): error TS2307: Cannot find module '@/components/ui/fonts/IconSymbol' or its corresponding type declarations.
app/personal/home/_components/ChatListItem.tsx(7,32): error TS2307: Cannot find module '@/state/personalState/chat/personal.state.chat' or its corresponding type declarations.
app/personal/home/_components/ChatListItem.tsx(8,32): error TS2307: Cannot find module '@/state/personalState/contacts/personal.state.contacts' or its corresponding type declarations.
app/personal/home/_components/ChatListItem.tsx(10,31): error TS2307: Cannot find module '@/components/personal/common/PrivacyAvatar' or its corresponding type declarations.
app/personal/home/_components/ChatListItem.tsx(13,36): error TS2307: Cannot find module '@/hooks/commonHooks/hooks.pressableAnimation' or its corresponding type declarations.
app/personal/home/_components/ChatListItem.tsx(96,47): error TS2339: Property 'colors' does not exist on type 'never'.
app/personal/home/_components/ChatListItem.tsx(162,22): error TS2339: Property 'colors' does not exist on type 'never'.
app/personal/home/_components/ChatListItem.tsx(181,22): error TS2339: Property 'colors' does not exist on type 'never'.
app/personal/home/_components/ChatListItem.tsx(185,22): error TS2339: Property 'colors' does not exist on type 'never'.
app/personal/home/_components/ChatListItem.tsx(188,32): error TS2339: Property 'colors' does not exist on type 'never'.
app/personal/home/_components/ChatListItem.tsx(197,22): error TS2339: Property 'colors' does not exist on type 'never'.
app/personal/home/index.tsx(4,28): error TS2307: Cannot find module '@/components/ui/common/ThemedText' or its corresponding type declarations.
app/personal/home/index.tsx(5,28): error TS2307: Cannot find module '@/components/ui/common/ThemedView' or its corresponding type declarations.
app/personal/home/index.tsx(6,34): error TS2307: Cannot find module '@/components/ui/fonts/fontAwesome5' or its corresponding type declarations.
app/personal/home/index.tsx(7,36): error TS2307: Cannot find module '@/hooks/commonHooks/hooks.pressableAnimation' or its corresponding type declarations.
app/personal/home/index.tsx(8,38): error TS2307: Cannot find module '@/state/appMode/state.appMode' or its corresponding type declarations.
app/personal/home/index.tsx(9,52): error TS2307: Cannot find module '@/state/personalState/chat/personal.state.chat' or its corresponding type declarations.
app/personal/home/index.tsx(10,51): error TS2307: Cannot find module '@/state/personalState/contacts/personal.state.contacts' or its corresponding type declarations.
app/personal/home/index.tsx(11,33): error TS2307: Cannot find module '@/lib/personalLib/chatApi/personal.api.chat' or its corresponding type declarations.
app/personal/home/index.tsx(12,37): error TS2307: Cannot find module '@/utils/personalUtils/util.chatErrors' or its corresponding type declarations.
app/personal/home/index.tsx(17,32): error TS2307: Cannot find module '@/lib/personalLib' or its corresponding type declarations.
app/personal/home/index.tsx(199,18): error TS2339: Property 'colors' does not exist on type 'never'.
app/personal/home/index.tsx(207,28): error TS2339: Property 'colors' does not exist on type 'never'.
app/personal/home/index.tsx(211,18): error TS2339: Property 'colors' does not exist on type 'never'.
app/personal/home/index.tsx(224,24): error TS2339: Property 'colors' does not exist on type 'never'.
app/personal/home/index.tsx(236,18): error TS2339: Property 'colors' does not exist on type 'never'.
app/personal/home/index.tsx(253,18): error TS2339: Property 'colors' does not exist on type 'never'.
app/personal/home/index.tsx(256,18): error TS2339: Property 'colors' does not exist on type 'never'.
